// Jest Snapshot v1, https://goo.gl/fbAQLP

exports[`Spartacus SAP OPF integration schematics: ng-add SAP OPF feature eager loading should import appropriate modules 1`] = `
"import { NgModule } from '@angular/core';
import { I18nConfig, provideConfig } from "@spartacus/core";
import { OpfModule } from "@spartacus/opf";
import { opfTranslationChunksConfig, opfTranslations } from "@spartacus/opf/assets";
import { OpfConfig, OpfRootModule } from "@spartacus/opf/root";

@NgModule({
  declarations: [],
  imports: [
    OpfRootModule,
    OpfModule
  ],
  providers: [provideConfig(<I18nConfig>{
    i18n: {
      resources: opfTranslations,
      chunks: opfTranslationChunksConfig,
    },
  }),
  provideConfig(provideConfig(<OpfConfig>{
    opf: {
      baseUrl: "PLACEHOLDER_BASE_URL",
      commerceCloudPublicKey: "PLACEHOLDER_COMMERCE_CLOUD_PUBLIC_KEY",
    },
  })
]
})
export class OpfFeatureModule { }
"
`;

exports[`Spartacus SAP OPF integration schematics: ng-add SAP OPF feature general setup should add the feature using the lazy loading syntax 1`] = `
"import { NgModule } from '@angular/core';
import { I18nConfig, provideConfig } from "@spartacus/core";
import { opfTranslationChunksConfig, opfTranslations } from "@spartacus/opf/assets";
import { OpfConfig, OpfRootModule } from "@spartacus/opf/root";

@NgModule({
  declarations: [],
  imports: [
    OpfRootModule
  ],
  providers: [provideConfig(<I18nConfig>{
    i18n: {
      resources: opfTranslations,
      chunks: opfTranslationChunksConfig,
    },
  }),
  provideConfig(provideConfig(<OpfConfig>{
    opf: {
      baseUrl: "PLACEHOLDER_BASE_URL",
      commerceCloudPublicKey: "PLACEHOLDER_COMMERCE_CLOUD_PUBLIC_KEY",
    },
  })
]
})
export class OpfFeatureModule { }
"
`;

exports[`Spartacus SAP OPF integration schematics: ng-add SAP OPF feature general setup should add the feature using the lazy loading syntax 2`] = `
"import { NgModule } from '@angular/core';
import { I18nConfig, provideConfig } from "@spartacus/core";
import { opfTranslationChunksConfig, opfTranslations } from "@spartacus/opf/assets";
import { OpfConfig, OpfRootModule } from "@spartacus/opf/root";

@NgModule({
  declarations: [],
  imports: [
    OpfRootModule
  ],
  providers: [provideConfig(<I18nConfig>{
    i18n: {
      resources: opfTranslations,
      chunks: opfTranslationChunksConfig,
    },
  }),
  provideConfig(provideConfig(<OpfConfig>{
    opf: {
      baseUrl: "PLACEHOLDER_BASE_URL",
      commerceCloudPublicKey: "PLACEHOLDER_COMMERCE_CLOUD_PUBLIC_KEY",
    },
  })
]
})
export class OpfFeatureModule { }
"
`;

exports[`Spartacus SAP OPF integration schematics: ng-add SAP OPF feature general setup should add the feature using the lazy loading syntax 3`] = `
"import { NgModule } from '@angular/core';
import { CheckoutModule } from "@spartacus/checkout/base";
import { OpfModule } from "@spartacus/opf";

@NgModule({
  declarations: [],
  imports: [
    CheckoutModule,
    OpfModule
  ]
})
export class CheckoutWrapperModule { }
"
`;

exports[`Spartacus SAP OPF integration schematics: ng-add SAP OPF feature general setup styling should create a proper scss file 1`] = `
"@import "../../styles-config";
@import "@spartacus/opf";
"
`;

exports[`Spartacus SAP OPF integration schematics: ng-add SAP OPF feature general setup styling should update angular.json 1`] = `
"{
  "$schema": "./node_modules/@angular/cli/lib/config/schema.json",
  "version": 1,
  "newProjectRoot": "",
  "projects": {
    "schematics-test": {
      "projectType": "application",
      "schematics": {
        "@schematics/angular:component": {
          "style": "scss"
        }
      },
      "root": "",
      "sourceRoot": "src",
      "prefix": "app",
      "architect": {
        "build": {
          "builder": "@angular-devkit/build-angular:browser",
          "options": {
            "outputPath": "dist/schematics-test",
            "index": "src/index.html",
            "main": "src/main.ts",
            "polyfills": "src/polyfills.ts",
            "tsConfig": "tsconfig.app.json",
            "inlineStyleLanguage": "scss",
            "assets": [
              "src/favicon.ico",
              "src/assets"
            ],
            "styles": [
              "src/styles.scss",
              "src/styles/spartacus/checkout.scss",
              "src/styles/spartacus/opf.scss"
            ],
            "scripts": [],
            "stylePreprocessorOptions": {
              "includePaths": [
                "node_modules/"
              ]
            }
          },
          "configurations": {
            "production": {
              "budgets": [
                {
                  "type": "initial",
                  "maximumWarning": "500kb",
                  "maximumError": "2.5mb"
                },
                {
                  "type": "anyComponentStyle",
                  "maximumWarning": "2kb",
                  "maximumError": "4kb"
                }
              ],
              "fileReplacements": [
                {
                  "replace": "src/environments/environment.ts",
                  "with": "src/environments/environment.prod.ts"
                }
              ],
              "outputHashing": "all"
            },
            "development": {
              "buildOptimizer": false,
              "optimization": false,
              "vendorChunk": true,
              "extractLicenses": false,
              "sourceMap": true,
              "namedChunks": true
            }
          },
          "defaultConfiguration": "production"
        },
        "serve": {
          "builder": "@angular-devkit/build-angular:dev-server",
          "configurations": {
            "production": {
              "browserTarget": "schematics-test:build:production"
            },
            "development": {
              "browserTarget": "schematics-test:build:development"
            }
          },
          "defaultConfiguration": "development"
        },
        "extract-i18n": {
          "builder": "@angular-devkit/build-angular:extract-i18n",
          "options": {
            "browserTarget": "schematics-test:build"
          }
        },
        "test": {
          "builder": "@angular-devkit/build-angular:karma",
          "options": {
            "main": "src/test.ts",
            "polyfills": "src/polyfills.ts",
            "tsConfig": "tsconfig.spec.json",
            "karmaConfig": "karma.conf.js",
            "inlineStyleLanguage": "scss",
            "assets": [
              "src/favicon.ico",
              "src/assets"
            ],
            "styles": [
              "src/styles.scss",
              "src/styles/spartacus/checkout.scss",
              "src/styles/spartacus/opf.scss"
            ],
            "scripts": [],
            "stylePreprocessorOptions": {
              "includePaths": [
                "node_modules/"
              ]
            }
          }
        }
      }
    }
  }
}"
`;
