// Jest Snapshot v1, https://goo.gl/fbAQLP

exports[`Spartacus SmartEdit schematics: ng-add SmartEdit feature eager loading should import appropriate modules 1`] = `
"import { NgModule } from '@angular/core';
import { SmartEditModule } from \\"@spartacus/smartedit\\";
import { SmartEditRootModule } from \\"@spartacus/smartedit/root\\";

@NgModule({
  declarations: [],
  imports: [
    SmartEditRootModule,
    SmartEditModule
  ]
})
export class SmartEditFeatureModule { }
"
`;

exports[`Spartacus SmartEdit schematics: ng-add SmartEdit feature general setup assets should update angular.json 1`] = `
"{
  \\"$schema\\": \\"./node_modules/@angular/cli/lib/config/schema.json\\",
  \\"version\\": 1,
  \\"newProjectRoot\\": \\"\\",
  \\"projects\\": {
    \\"schematics-test\\": {
      \\"projectType\\": \\"application\\",
      \\"schematics\\": {
        \\"@schematics/angular:component\\": {
          \\"style\\": \\"scss\\"
        }
      },
      \\"root\\": \\"\\",
      \\"sourceRoot\\": \\"src\\",
      \\"prefix\\": \\"app\\",
      \\"architect\\": {
        \\"build\\": {
          \\"builder\\": \\"@angular-devkit/build-angular:browser\\",
          \\"options\\": {
            \\"outputPath\\": \\"dist/schematics-test\\",
            \\"index\\": \\"src/index.html\\",
            \\"main\\": \\"src/main.ts\\",
            \\"polyfills\\": \\"src/polyfills.ts\\",
            \\"tsConfig\\": \\"tsconfig.app.json\\",
            \\"aot\\": true,
            \\"assets\\": [
              \\"src/favicon.ico\\",
              \\"src/assets\\",
              {
                \\"glob\\": \\"**/*\\",
                \\"input\\": \\"./node_modules/@spartacus/smartedit/assets\\",
                \\"output\\": \\"assets/\\"
              }
            ],
            \\"styles\\": [
              \\"src/styles.scss\\"
            ],
            \\"scripts\\": []
          },
          \\"configurations\\": {
            \\"production\\": {
              \\"fileReplacements\\": [
                {
                  \\"replace\\": \\"src/environments/environment.ts\\",
                  \\"with\\": \\"src/environments/environment.prod.ts\\"
                }
              ],
              \\"optimization\\": true,
              \\"outputHashing\\": \\"all\\",
              \\"sourceMap\\": false,
              \\"extractCss\\": true,
              \\"namedChunks\\": false,
              \\"extractLicenses\\": true,
              \\"vendorChunk\\": false,
              \\"buildOptimizer\\": true,
              \\"budgets\\": [
                {
                  \\"type\\": \\"initial\\",
                  \\"maximumWarning\\": \\"2mb\\",
                  \\"maximumError\\": \\"5mb\\"
                },
                {
                  \\"type\\": \\"anyComponentStyle\\",
                  \\"maximumWarning\\": \\"6kb\\",
                  \\"maximumError\\": \\"10kb\\"
                }
              ]
            }
          }
        },
        \\"serve\\": {
          \\"builder\\": \\"@angular-devkit/build-angular:dev-server\\",
          \\"options\\": {
            \\"browserTarget\\": \\"schematics-test:build\\"
          },
          \\"configurations\\": {
            \\"production\\": {
              \\"browserTarget\\": \\"schematics-test:build:production\\"
            }
          }
        },
        \\"extract-i18n\\": {
          \\"builder\\": \\"@angular-devkit/build-angular:extract-i18n\\",
          \\"options\\": {
            \\"browserTarget\\": \\"schematics-test:build\\"
          }
        },
        \\"test\\": {
          \\"builder\\": \\"@angular-devkit/build-angular:karma\\",
          \\"options\\": {
            \\"main\\": \\"src/test.ts\\",
            \\"polyfills\\": \\"src/polyfills.ts\\",
            \\"tsConfig\\": \\"tsconfig.spec.json\\",
            \\"karmaConfig\\": \\"karma.conf.js\\",
            \\"assets\\": [
              \\"src/favicon.ico\\",
              \\"src/assets\\",
              {
                \\"glob\\": \\"**/*\\",
                \\"input\\": \\"./node_modules/@spartacus/smartedit/assets\\",
                \\"output\\": \\"assets/\\"
              }
            ],
            \\"styles\\": [
              \\"src/styles.scss\\"
            ],
            \\"scripts\\": []
          }
        },
        \\"lint\\": {
          \\"builder\\": \\"@angular-devkit/build-angular:tslint\\",
          \\"options\\": {
            \\"tsConfig\\": [
              \\"tsconfig.app.json\\",
              \\"tsconfig.spec.json\\",
              \\"e2e/tsconfig.json\\"
            ],
            \\"exclude\\": [
              \\"**/node_modules/**\\"
            ]
          }
        },
        \\"e2e\\": {
          \\"builder\\": \\"@angular-devkit/build-angular:protractor\\",
          \\"options\\": {
            \\"protractorConfig\\": \\"e2e/protractor.conf.js\\",
            \\"devServerTarget\\": \\"schematics-test:serve\\"
          },
          \\"configurations\\": {
            \\"production\\": {
              \\"devServerTarget\\": \\"schematics-test:serve:production\\"
            }
          }
        }
      }
    }
  },
  \\"defaultProject\\": \\"schematics-test\\"
}"
`;

exports[`Spartacus SmartEdit schematics: ng-add SmartEdit feature general setup should add the feature using the lazy loading syntax 1`] = `
"import { NgModule } from '@angular/core';
import { CmsConfig, provideConfig } from \\"@spartacus/core\\";
import { SmartEditRootModule, SMART_EDIT_FEATURE } from \\"@spartacus/smartedit/root\\";

@NgModule({
  declarations: [],
  imports: [
    SmartEditRootModule
  ],
  providers: [provideConfig(<CmsConfig>{
    featureModules: {
      [SMART_EDIT_FEATURE]: {
        module: () =>
          import('@spartacus/smartedit').then((m) => m.SmartEditModule),
      },
    }
  })]
})
export class SmartEditFeatureModule { }
"
`;
