// Jest Snapshot v1, https://goo.gl/fbAQLP

exports[`Spartacus Storefinder schematics: ng-add Storefinder feature styling should create a proper scss file 1`] = `"@import \\"@spartacus/storefinder\\";"`;

exports[`Spartacus Storefinder schematics: ng-add Storefinder feature styling should update angular.json 1`] = `
"{
  \\"$schema\\": \\"./node_modules/@angular/cli/lib/config/schema.json\\",
  \\"version\\": 1,
  \\"newProjectRoot\\": \\"\\",
  \\"projects\\": {
    \\"schematics-test\\": {
      \\"projectType\\": \\"application\\",
      \\"schematics\\": {
        \\"@schematics/angular:component\\": {
          \\"style\\": \\"scss\\"
        }
      },
      \\"root\\": \\"\\",
      \\"sourceRoot\\": \\"src\\",
      \\"prefix\\": \\"app\\",
      \\"architect\\": {
        \\"build\\": {
          \\"builder\\": \\"@angular-devkit/build-angular:browser\\",
          \\"options\\": {
            \\"outputPath\\": \\"dist/schematics-test\\",
            \\"index\\": \\"src/index.html\\",
            \\"main\\": \\"src/main.ts\\",
            \\"polyfills\\": \\"src/polyfills.ts\\",
            \\"tsConfig\\": \\"tsconfig.app.json\\",
            \\"aot\\": true,
            \\"assets\\": [
              \\"src/favicon.ico\\",
              \\"src/assets\\"
            ],
            \\"styles\\": [
              \\"src/styles.scss\\",
              \\"src/styles/spartacus/storefinder.scss\\"
            ],
            \\"scripts\\": []
          },
          \\"configurations\\": {
            \\"production\\": {
              \\"fileReplacements\\": [
                {
                  \\"replace\\": \\"src/environments/environment.ts\\",
                  \\"with\\": \\"src/environments/environment.prod.ts\\"
                }
              ],
              \\"optimization\\": true,
              \\"outputHashing\\": \\"all\\",
              \\"sourceMap\\": false,
              \\"extractCss\\": true,
              \\"namedChunks\\": false,
              \\"extractLicenses\\": true,
              \\"vendorChunk\\": false,
              \\"buildOptimizer\\": true,
              \\"budgets\\": [
                {
                  \\"type\\": \\"initial\\",
                  \\"maximumWarning\\": \\"2mb\\",
                  \\"maximumError\\": \\"5mb\\"
                },
                {
                  \\"type\\": \\"anyComponentStyle\\",
                  \\"maximumWarning\\": \\"6kb\\",
                  \\"maximumError\\": \\"10kb\\"
                }
              ]
            }
          }
        },
        \\"serve\\": {
          \\"builder\\": \\"@angular-devkit/build-angular:dev-server\\",
          \\"options\\": {
            \\"browserTarget\\": \\"schematics-test:build\\"
          },
          \\"configurations\\": {
            \\"production\\": {
              \\"browserTarget\\": \\"schematics-test:build:production\\"
            }
          }
        },
        \\"extract-i18n\\": {
          \\"builder\\": \\"@angular-devkit/build-angular:extract-i18n\\",
          \\"options\\": {
            \\"browserTarget\\": \\"schematics-test:build\\"
          }
        },
        \\"test\\": {
          \\"builder\\": \\"@angular-devkit/build-angular:karma\\",
          \\"options\\": {
            \\"main\\": \\"src/test.ts\\",
            \\"polyfills\\": \\"src/polyfills.ts\\",
            \\"tsConfig\\": \\"tsconfig.spec.json\\",
            \\"karmaConfig\\": \\"karma.conf.js\\",
            \\"assets\\": [
              \\"src/favicon.ico\\",
              \\"src/assets\\"
            ],
            \\"styles\\": [
              \\"src/styles.scss\\",
              \\"src/styles/spartacus/storefinder.scss\\"
            ],
            \\"scripts\\": []
          }
        },
        \\"lint\\": {
          \\"builder\\": \\"@angular-devkit/build-angular:tslint\\",
          \\"options\\": {
            \\"tsConfig\\": [
              \\"tsconfig.app.json\\",
              \\"tsconfig.spec.json\\",
              \\"e2e/tsconfig.json\\"
            ],
            \\"exclude\\": [
              \\"**/node_modules/**\\"
            ]
          }
        },
        \\"e2e\\": {
          \\"builder\\": \\"@angular-devkit/build-angular:protractor\\",
          \\"options\\": {
            \\"protractorConfig\\": \\"e2e/protractor.conf.js\\",
            \\"devServerTarget\\": \\"schematics-test:serve\\"
          },
          \\"configurations\\": {
            \\"production\\": {
              \\"devServerTarget\\": \\"schematics-test:serve:production\\"
            }
          }
        }
      }
    }
  },
  \\"defaultProject\\": \\"schematics-test\\"
}"
`;

exports[`Spartacus Storefinder schematics: ng-add When no features are provided should not add the feature to the feature module 1`] = `
"import { NgModule } from '@angular/core';
import { AnonymousConsentsModule, AuthModule, CartModule, CartOccModule, CheckoutModule, CheckoutOccModule, CostCenterOccModule, ProductModule, ProductOccModule, UserOccTransitionalModule, UserTransitionalModule } from \\"@spartacus/core\\";
import { AddressBookModule, AnonymousConsentManagementBannerModule, AnonymousConsentsDialogModule, BannerCarouselModule, BannerModule, BreadcrumbModule, CartComponentModule, CartPageEventModule, CategoryNavigationModule, CheckoutComponentModule, CheckoutLoginModule, CmsParagraphModule, ConsentManagementModule, FooterNavigationModule, HamburgerMenuModule, HomePageEventModule, LinkModule, LoginRouteModule, LogoutModule, MyCouponsModule, MyInterestsModule, NavigationEventModule, NavigationModule, NotificationPreferenceModule, OrderCancellationModule, OrderConfirmationModule, OrderDetailsModule, OrderHistoryModule, OrderReturnModule, PaymentMethodsModule, ProductCarouselModule, ProductDetailsPageModule, ProductFacetNavigationModule, ProductImagesModule, ProductIntroModule, ProductListingPageModule, ProductListModule, ProductPageEventModule, ProductReferencesModule, ProductSummaryModule, ProductTabsModule, ReplenishmentOrderConfirmationModule, ReplenishmentOrderDetailsModule, ReplenishmentOrderHistoryModule, ReturnRequestDetailModule, ReturnRequestListModule, SearchBoxModule, SiteContextSelectorModule, StockNotificationModule, TabParagraphContainerModule, WishListModule } from \\"@spartacus/storefront\\";

@NgModule({
  declarations: [],
  imports: [
    // Auth Core
    AuthModule.forRoot(),
    LogoutModule,
    LoginRouteModule,
    // Basic Cms Components
    HamburgerMenuModule,
    SiteContextSelectorModule,
    LinkModule,
    BannerModule,
    CmsParagraphModule,
    TabParagraphContainerModule,
    BannerCarouselModule,
    CategoryNavigationModule,
    NavigationModule,
    FooterNavigationModule,
    BreadcrumbModule,
    // User Core,
    UserTransitionalModule,
    UserOccTransitionalModule,
    // User UI,
    AddressBookModule,
    PaymentMethodsModule,
    NotificationPreferenceModule,
    MyInterestsModule,
    StockNotificationModule,
    ConsentManagementModule,
    MyCouponsModule,
    // Anonymous Consents Core,
    AnonymousConsentsModule.forRoot(),
    // Anonymous Consents UI,
    AnonymousConsentsDialogModule,
    AnonymousConsentManagementBannerModule,
    // Product Core,
    ProductModule.forRoot(),
    ProductOccModule,
    // Product UI,
    ProductDetailsPageModule,
    ProductListingPageModule,
    ProductListModule,
    SearchBoxModule,
    ProductFacetNavigationModule,
    ProductTabsModule,
    ProductCarouselModule,
    ProductReferencesModule,
    ProductImagesModule,
    ProductSummaryModule,
    ProductIntroModule,
    // Cart Core,
    CartModule.forRoot(),
    CartOccModule,
    // Cart UI,
    CartComponentModule,
    WishListModule,
    // Checkout Core,
    CheckoutModule.forRoot(),
    CheckoutOccModule,
    CostCenterOccModule,
    // Checkout UI,
    CheckoutLoginModule,
    CheckoutComponentModule,
    OrderConfirmationModule,
    // Order,
    OrderHistoryModule,
    OrderDetailsModule,
    OrderCancellationModule,
    OrderReturnModule,
    ReturnRequestListModule,
    ReturnRequestDetailModule,
    ReplenishmentOrderHistoryModule,
    ReplenishmentOrderDetailsModule,
    ReplenishmentOrderConfirmationModule,
    // Page Events,
    NavigationEventModule,
    HomePageEventModule,
    CartPageEventModule,
    ProductPageEventModule,
  ]
})
export class SpartacusFeaturesModule { }
"
`;
