// Jest Snapshot v1, https://goo.gl/fbAQLP

exports[`Spartacus CDC schematics: ng-add CDC feature eager loading should import correct modules (without lazy loaded syntax) 1`] = `
"import { NgModule } from '@angular/core';
import { CdcModule } from \\"@spartacus/cdc\\";
import { CdcConfig, CdcRootModule } from \\"@spartacus/cdc/root\\";
import { provideConfig } from \\"@spartacus/core\\";

@NgModule({
  declarations: [],
  imports: [
    CdcRootModule,
    CdcModule
  ],
  providers: [provideConfig(<CdcConfig>{
    cdc: [
      {
        baseSite: 'electronics-spa',
        javascriptUrl: '<url-to-cdc-script>',
        sessionExpiration: 3600
      },
    ],
  })]
})
export class CdcFeatureModule { }
"
`;

exports[`Spartacus CDC schematics: ng-add CDC feature general setup should import feature module in SpartacusFeaturesModule 1`] = `
"import { NgModule } from '@angular/core';
import { AnonymousConsentsModule, AuthModule, CartModule, CartOccModule, CheckoutModule, CheckoutOccModule, CostCenterOccModule, ProductModule, ProductOccModule, UserOccTransitionalModule, UserTransitionalModule } from \\"@spartacus/core\\";
import { AddressBookModule, AnonymousConsentManagementBannerModule, AnonymousConsentsDialogModule, BannerCarouselModule, BannerModule, BreadcrumbModule, CartComponentModule, CartPageEventModule, CategoryNavigationModule, CheckoutComponentModule, CheckoutLoginModule, CmsParagraphModule, ConsentManagementModule, FooterNavigationModule, HamburgerMenuModule, HomePageEventModule, LinkModule, LoginRouteModule, LogoutModule, MyCouponsModule, MyInterestsModule, NavigationEventModule, NavigationModule, NotificationPreferenceModule, OrderCancellationModule, OrderConfirmationModule, OrderDetailsModule, OrderHistoryModule, OrderReturnModule, PaymentMethodsModule, ProductCarouselModule, ProductDetailsPageModule, ProductFacetNavigationModule, ProductImagesModule, ProductIntroModule, ProductListingPageModule, ProductListModule, ProductPageEventModule, ProductReferencesModule, ProductSummaryModule, ProductTabsModule, ReplenishmentOrderConfirmationModule, ReplenishmentOrderDetailsModule, ReplenishmentOrderHistoryModule, ReturnRequestDetailModule, ReturnRequestListModule, SearchBoxModule, SiteContextSelectorModule, StockNotificationModule, TabParagraphContainerModule, WishListModule } from \\"@spartacus/storefront\\";
import { CdcFeatureModule } from './features/cdc/cdc-feature.module';

@NgModule({
  declarations: [],
  imports: [
    // Auth Core
    AuthModule.forRoot(),
    LogoutModule,
    LoginRouteModule,
    // Basic Cms Components
    HamburgerMenuModule,
    SiteContextSelectorModule,
    LinkModule,
    BannerModule,
    CmsParagraphModule,
    TabParagraphContainerModule,
    BannerCarouselModule,
    CategoryNavigationModule,
    NavigationModule,
    FooterNavigationModule,
    BreadcrumbModule,
    // User Core,
    UserTransitionalModule,
    UserOccTransitionalModule,
    // User UI,
    AddressBookModule,
    PaymentMethodsModule,
    NotificationPreferenceModule,
    MyInterestsModule,
    StockNotificationModule,
    ConsentManagementModule,
    MyCouponsModule,
    // Anonymous Consents Core,
    AnonymousConsentsModule.forRoot(),
    // Anonymous Consents UI,
    AnonymousConsentsDialogModule,
    AnonymousConsentManagementBannerModule,
    // Product Core,
    ProductModule.forRoot(),
    ProductOccModule,
    // Product UI,
    ProductDetailsPageModule,
    ProductListingPageModule,
    ProductListModule,
    SearchBoxModule,
    ProductFacetNavigationModule,
    ProductTabsModule,
    ProductCarouselModule,
    ProductReferencesModule,
    ProductImagesModule,
    ProductSummaryModule,
    ProductIntroModule,
    // Cart Core,
    CartModule.forRoot(),
    CartOccModule,
    // Cart UI,
    CartComponentModule,
    WishListModule,
    // Checkout Core,
    CheckoutModule.forRoot(),
    CheckoutOccModule,
    CostCenterOccModule,
    // Checkout UI,
    CheckoutLoginModule,
    CheckoutComponentModule,
    OrderConfirmationModule,
    // Order,
    OrderHistoryModule,
    OrderDetailsModule,
    OrderCancellationModule,
    OrderReturnModule,
    ReturnRequestListModule,
    ReturnRequestDetailModule,
    ReplenishmentOrderHistoryModule,
    ReplenishmentOrderDetailsModule,
    ReplenishmentOrderConfirmationModule,
    // Page Events,
    NavigationEventModule,
    HomePageEventModule,
    CartPageEventModule,
    ProductPageEventModule,
    CdcFeatureModule,
  ]
})
export class SpartacusFeaturesModule { }
"
`;

exports[`Spartacus CDC schematics: ng-add CDC feature lazy loading should import correct modules (with lazy loaded syntax) 1`] = `
"import { NgModule } from '@angular/core';
import { CdcConfig, CdcRootModule, CDC_FEATURE } from \\"@spartacus/cdc/root\\";
import { CmsConfig, provideConfig } from \\"@spartacus/core\\";

@NgModule({
  declarations: [],
  imports: [
    CdcRootModule
  ],
  providers: [provideConfig(<CmsConfig>{
    featureModules: {
      [CDC_FEATURE]: {
        module: () =>
          import('@spartacus/cdc').then((m) => m.CdcModule),
      },
    }
  }),
  provideConfig(<CdcConfig>{
    cdc: [
      {
        baseSite: 'electronics-spa',
        javascriptUrl: '<url-to-cdc-script>',
        sessionExpiration: 3600
      },
    ],
  })
  ]
})
export class CdcFeatureModule { }
"
`;
