// Jest Snapshot v1, https://goo.gl/fbAQLP

exports[`Spartacus Organization schematics: ng-add Administration feature styling should create a proper scss file 1`] = `"@import \\"@spartacus/organization\\";"`;

exports[`Spartacus Organization schematics: ng-add Administration feature styling should update angular.json 1`] = `
"{
  \\"$schema\\": \\"./node_modules/@angular/cli/lib/config/schema.json\\",
  \\"version\\": 1,
  \\"newProjectRoot\\": \\"\\",
  \\"projects\\": {
    \\"schematics-test\\": {
      \\"projectType\\": \\"application\\",
      \\"schematics\\": {
        \\"@schematics/angular:component\\": {
          \\"style\\": \\"scss\\"
        }
      },
      \\"root\\": \\"\\",
      \\"sourceRoot\\": \\"src\\",
      \\"prefix\\": \\"app\\",
      \\"architect\\": {
        \\"build\\": {
          \\"builder\\": \\"@angular-devkit/build-angular:browser\\",
          \\"options\\": {
            \\"outputPath\\": \\"dist/schematics-test\\",
            \\"index\\": \\"src/index.html\\",
            \\"main\\": \\"src/main.ts\\",
            \\"polyfills\\": \\"src/polyfills.ts\\",
            \\"tsConfig\\": \\"tsconfig.app.json\\",
            \\"aot\\": true,
            \\"assets\\": [
              \\"src/favicon.ico\\",
              \\"src/assets\\"
            ],
            \\"styles\\": [
              \\"src/styles.scss\\",
              \\"src/styles/spartacus/organization.scss\\"
            ],
            \\"scripts\\": []
          },
          \\"configurations\\": {
            \\"production\\": {
              \\"fileReplacements\\": [
                {
                  \\"replace\\": \\"src/environments/environment.ts\\",
                  \\"with\\": \\"src/environments/environment.prod.ts\\"
                }
              ],
              \\"optimization\\": true,
              \\"outputHashing\\": \\"all\\",
              \\"sourceMap\\": false,
              \\"extractCss\\": true,
              \\"namedChunks\\": false,
              \\"extractLicenses\\": true,
              \\"vendorChunk\\": false,
              \\"buildOptimizer\\": true,
              \\"budgets\\": [
                {
                  \\"type\\": \\"initial\\",
                  \\"maximumWarning\\": \\"2mb\\",
                  \\"maximumError\\": \\"5mb\\"
                },
                {
                  \\"type\\": \\"anyComponentStyle\\",
                  \\"maximumWarning\\": \\"6kb\\",
                  \\"maximumError\\": \\"10kb\\"
                }
              ]
            }
          }
        },
        \\"serve\\": {
          \\"builder\\": \\"@angular-devkit/build-angular:dev-server\\",
          \\"options\\": {
            \\"browserTarget\\": \\"schematics-test:build\\"
          },
          \\"configurations\\": {
            \\"production\\": {
              \\"browserTarget\\": \\"schematics-test:build:production\\"
            }
          }
        },
        \\"extract-i18n\\": {
          \\"builder\\": \\"@angular-devkit/build-angular:extract-i18n\\",
          \\"options\\": {
            \\"browserTarget\\": \\"schematics-test:build\\"
          }
        },
        \\"test\\": {
          \\"builder\\": \\"@angular-devkit/build-angular:karma\\",
          \\"options\\": {
            \\"main\\": \\"src/test.ts\\",
            \\"polyfills\\": \\"src/polyfills.ts\\",
            \\"tsConfig\\": \\"tsconfig.spec.json\\",
            \\"karmaConfig\\": \\"karma.conf.js\\",
            \\"assets\\": [
              \\"src/favicon.ico\\",
              \\"src/assets\\"
            ],
            \\"styles\\": [
              \\"src/styles.scss\\",
              \\"src/styles/spartacus/organization.scss\\"
            ],
            \\"scripts\\": []
          }
        },
        \\"lint\\": {
          \\"builder\\": \\"@angular-devkit/build-angular:tslint\\",
          \\"options\\": {
            \\"tsConfig\\": [
              \\"tsconfig.app.json\\",
              \\"tsconfig.spec.json\\",
              \\"e2e/tsconfig.json\\"
            ],
            \\"exclude\\": [
              \\"**/node_modules/**\\"
            ]
          }
        },
        \\"e2e\\": {
          \\"builder\\": \\"@angular-devkit/build-angular:protractor\\",
          \\"options\\": {
            \\"protractorConfig\\": \\"e2e/protractor.conf.js\\",
            \\"devServerTarget\\": \\"schematics-test:serve\\"
          },
          \\"configurations\\": {
            \\"production\\": {
              \\"devServerTarget\\": \\"schematics-test:serve:production\\"
            }
          }
        }
      }
    }
  },
  \\"defaultProject\\": \\"schematics-test\\"
}"
`;

exports[`Spartacus Organization schematics: ng-add Order approval feature styling should create a proper scss file 1`] = `"@import \\"@spartacus/organization\\";"`;

exports[`Spartacus Organization schematics: ng-add Order approval feature styling should update angular.json 1`] = `
"{
  \\"$schema\\": \\"./node_modules/@angular/cli/lib/config/schema.json\\",
  \\"version\\": 1,
  \\"newProjectRoot\\": \\"\\",
  \\"projects\\": {
    \\"schematics-test\\": {
      \\"projectType\\": \\"application\\",
      \\"schematics\\": {
        \\"@schematics/angular:component\\": {
          \\"style\\": \\"scss\\"
        }
      },
      \\"root\\": \\"\\",
      \\"sourceRoot\\": \\"src\\",
      \\"prefix\\": \\"app\\",
      \\"architect\\": {
        \\"build\\": {
          \\"builder\\": \\"@angular-devkit/build-angular:browser\\",
          \\"options\\": {
            \\"outputPath\\": \\"dist/schematics-test\\",
            \\"index\\": \\"src/index.html\\",
            \\"main\\": \\"src/main.ts\\",
            \\"polyfills\\": \\"src/polyfills.ts\\",
            \\"tsConfig\\": \\"tsconfig.app.json\\",
            \\"aot\\": true,
            \\"assets\\": [
              \\"src/favicon.ico\\",
              \\"src/assets\\"
            ],
            \\"styles\\": [
              \\"src/styles.scss\\",
              \\"src/styles/spartacus/organization.scss\\"
            ],
            \\"scripts\\": []
          },
          \\"configurations\\": {
            \\"production\\": {
              \\"fileReplacements\\": [
                {
                  \\"replace\\": \\"src/environments/environment.ts\\",
                  \\"with\\": \\"src/environments/environment.prod.ts\\"
                }
              ],
              \\"optimization\\": true,
              \\"outputHashing\\": \\"all\\",
              \\"sourceMap\\": false,
              \\"extractCss\\": true,
              \\"namedChunks\\": false,
              \\"extractLicenses\\": true,
              \\"vendorChunk\\": false,
              \\"buildOptimizer\\": true,
              \\"budgets\\": [
                {
                  \\"type\\": \\"initial\\",
                  \\"maximumWarning\\": \\"2mb\\",
                  \\"maximumError\\": \\"5mb\\"
                },
                {
                  \\"type\\": \\"anyComponentStyle\\",
                  \\"maximumWarning\\": \\"6kb\\",
                  \\"maximumError\\": \\"10kb\\"
                }
              ]
            }
          }
        },
        \\"serve\\": {
          \\"builder\\": \\"@angular-devkit/build-angular:dev-server\\",
          \\"options\\": {
            \\"browserTarget\\": \\"schematics-test:build\\"
          },
          \\"configurations\\": {
            \\"production\\": {
              \\"browserTarget\\": \\"schematics-test:build:production\\"
            }
          }
        },
        \\"extract-i18n\\": {
          \\"builder\\": \\"@angular-devkit/build-angular:extract-i18n\\",
          \\"options\\": {
            \\"browserTarget\\": \\"schematics-test:build\\"
          }
        },
        \\"test\\": {
          \\"builder\\": \\"@angular-devkit/build-angular:karma\\",
          \\"options\\": {
            \\"main\\": \\"src/test.ts\\",
            \\"polyfills\\": \\"src/polyfills.ts\\",
            \\"tsConfig\\": \\"tsconfig.spec.json\\",
            \\"karmaConfig\\": \\"karma.conf.js\\",
            \\"assets\\": [
              \\"src/favicon.ico\\",
              \\"src/assets\\"
            ],
            \\"styles\\": [
              \\"src/styles.scss\\",
              \\"src/styles/spartacus/organization.scss\\"
            ],
            \\"scripts\\": []
          }
        },
        \\"lint\\": {
          \\"builder\\": \\"@angular-devkit/build-angular:tslint\\",
          \\"options\\": {
            \\"tsConfig\\": [
              \\"tsconfig.app.json\\",
              \\"tsconfig.spec.json\\",
              \\"e2e/tsconfig.json\\"
            ],
            \\"exclude\\": [
              \\"**/node_modules/**\\"
            ]
          }
        },
        \\"e2e\\": {
          \\"builder\\": \\"@angular-devkit/build-angular:protractor\\",
          \\"options\\": {
            \\"protractorConfig\\": \\"e2e/protractor.conf.js\\",
            \\"devServerTarget\\": \\"schematics-test:serve\\"
          },
          \\"configurations\\": {
            \\"production\\": {
              \\"devServerTarget\\": \\"schematics-test:serve:production\\"
            }
          }
        }
      }
    }
  },
  \\"defaultProject\\": \\"schematics-test\\"
}"
`;

exports[`Spartacus Organization schematics: ng-add b2b features configuration should be added 1`] = `
"import { NgModule } from '@angular/core';
import { translationChunksConfig, translations } from \\"@spartacus/assets\\";
import { FeaturesConfig, I18nConfig, OccConfig, provideConfig, SiteContextConfig } from \\"@spartacus/core\\";
import { defaultB2bCheckoutConfig, defaultB2bOccConfig } from \\"@spartacus/setup\\";
import { defaultCmsContentProviders, layoutConfig, mediaConfig } from \\"@spartacus/storefront\\";

@NgModule({
  declarations: [],
  imports: [
  ],
  providers: [provideConfig(layoutConfig), provideConfig(mediaConfig), ...defaultCmsContentProviders, provideConfig(<OccConfig>{
    backend: {
      occ: {
        baseUrl: 'https://localhost:9002',
      }
    },
  }), provideConfig(<SiteContextConfig>{
    context: {
      currency: ['USD'],
      language: ['en'],
    },
  }), provideConfig(<I18nConfig>{
    i18n: {
      resources: translations,
      chunks: translationChunksConfig,
      fallbackLang: 'en'
    },
  }), provideConfig(<FeaturesConfig>{
    features: {
      level: '3.2'
    }
  }), provideConfig(defaultB2bOccConfig), provideConfig(defaultB2bCheckoutConfig)]
})
export class SpartacusConfigurationModule { }
"
`;
