// Jest Snapshot v1, https://goo.gl/fbAQLP

exports[`Spartacus CDS schematics: ng-add CDS feature general setup with ProfileTag should generate CDS feature module with ProfileTag config 1`] = `
"import { NgModule } from '@angular/core';
import { CdsConfig, CdsModule } from \\"@spartacus/cds\\";
import { provideConfig } from \\"@spartacus/core\\";

@NgModule({
  declarations: [],
  imports: [
    CdsModule.forRoot()
  ],
  providers: [provideConfig(<CdsConfig>{
    cds: {
      tenant: 'my-tenant',
      baseUrl: 'my-base-url.com',
      endpoints: {
        strategyProducts: '/strategy/\${tenant}/strategies/\${strategyId}/products',
      },
      merchandising: {
        defaultCarouselViewportThreshold: 80,
      },
    },
  }),
  provideConfig(<CdsConfig>{
    cds: {
      profileTag: {
        javascriptUrl:
          'profile-tag-load-url.com',
        configUrl:
          'profile-tag-config-url.com',
        allowInsecureCookies: true,
      },
    },
  })
  ]
})
export class CdsFeatureModule { }
"
`;

exports[`Spartacus CDS schematics: ng-add CDS feature general setup with ProfileTag should import feature module in SpartacusFeaturesModule 1`] = `
"import { NgModule } from '@angular/core';
import { AnonymousConsentsModule, AuthModule, CartModule, CartOccModule, CheckoutModule, CheckoutOccModule, CostCenterOccModule, ProductModule, ProductOccModule, UserOccTransitionalModule, UserTransitionalModule } from \\"@spartacus/core\\";
import { AddressBookModule, AnonymousConsentManagementBannerModule, AnonymousConsentsDialogModule, BannerCarouselModule, BannerModule, BreadcrumbModule, CartComponentModule, CartPageEventModule, CategoryNavigationModule, CheckoutComponentModule, CheckoutLoginModule, CmsParagraphModule, ConsentManagementModule, FooterNavigationModule, HamburgerMenuModule, HomePageEventModule, LinkModule, LoginRouteModule, LogoutModule, MyCouponsModule, MyInterestsModule, NavigationEventModule, NavigationModule, NotificationPreferenceModule, OrderCancellationModule, OrderConfirmationModule, OrderDetailsModule, OrderHistoryModule, OrderReturnModule, PaymentMethodsModule, ProductCarouselModule, ProductDetailsPageModule, ProductFacetNavigationModule, ProductImagesModule, ProductIntroModule, ProductListingPageModule, ProductListModule, ProductPageEventModule, ProductReferencesModule, ProductSummaryModule, ProductTabsModule, ReplenishmentOrderConfirmationModule, ReplenishmentOrderDetailsModule, ReplenishmentOrderHistoryModule, ReturnRequestDetailModule, ReturnRequestListModule, SearchBoxModule, SiteContextSelectorModule, StockNotificationModule, TabParagraphContainerModule, WishListModule } from \\"@spartacus/storefront\\";
import { CdsFeatureModule } from './features/cds/cds-feature.module';

@NgModule({
  declarations: [],
  imports: [
    // Auth Core
    AuthModule.forRoot(),
    LogoutModule,
    LoginRouteModule,
    // Basic Cms Components
    HamburgerMenuModule,
    SiteContextSelectorModule,
    LinkModule,
    BannerModule,
    CmsParagraphModule,
    TabParagraphContainerModule,
    BannerCarouselModule,
    CategoryNavigationModule,
    NavigationModule,
    FooterNavigationModule,
    BreadcrumbModule,
    // User Core,
    UserTransitionalModule,
    UserOccTransitionalModule,
    // User UI,
    AddressBookModule,
    PaymentMethodsModule,
    NotificationPreferenceModule,
    MyInterestsModule,
    StockNotificationModule,
    ConsentManagementModule,
    MyCouponsModule,
    // Anonymous Consents Core,
    AnonymousConsentsModule.forRoot(),
    // Anonymous Consents UI,
    AnonymousConsentsDialogModule,
    AnonymousConsentManagementBannerModule,
    // Product Core,
    ProductModule.forRoot(),
    ProductOccModule,
    // Product UI,
    ProductDetailsPageModule,
    ProductListingPageModule,
    ProductListModule,
    SearchBoxModule,
    ProductFacetNavigationModule,
    ProductTabsModule,
    ProductCarouselModule,
    ProductReferencesModule,
    ProductImagesModule,
    ProductSummaryModule,
    ProductIntroModule,
    // Cart Core,
    CartModule.forRoot(),
    CartOccModule,
    // Cart UI,
    CartComponentModule,
    WishListModule,
    // Checkout Core,
    CheckoutModule.forRoot(),
    CheckoutOccModule,
    CostCenterOccModule,
    // Checkout UI,
    CheckoutLoginModule,
    CheckoutComponentModule,
    OrderConfirmationModule,
    // Order,
    OrderHistoryModule,
    OrderDetailsModule,
    OrderCancellationModule,
    OrderReturnModule,
    ReturnRequestListModule,
    ReturnRequestDetailModule,
    ReplenishmentOrderHistoryModule,
    ReplenishmentOrderDetailsModule,
    ReplenishmentOrderConfirmationModule,
    // Page Events,
    NavigationEventModule,
    HomePageEventModule,
    CartPageEventModule,
    ProductPageEventModule,
    CdsFeatureModule,
  ]
})
export class SpartacusFeaturesModule { }
"
`;

exports[`Spartacus CDS schematics: ng-add CDS feature general setup without ProfileTag should generate CDS feature module without ProfileTag config 1`] = `
"import { NgModule } from '@angular/core';
import { CdsConfig, CdsModule } from \\"@spartacus/cds\\";
import { provideConfig } from \\"@spartacus/core\\";

@NgModule({
  declarations: [],
  imports: [
    CdsModule.forRoot()
  ],
  providers: [provideConfig(<CdsConfig>{
    cds: {
      tenant: 'my-tenant',
      baseUrl: 'my-base-url.com',
      endpoints: {
        strategyProducts: '/strategy/\${tenant}/strategies/\${strategyId}/products',
      },
      merchandising: {
        defaultCarouselViewportThreshold: 80,
      },
    },
  })]
})
export class CdsFeatureModule { }
"
`;

exports[`Spartacus CDS schematics: ng-add CDS feature general setup without ProfileTag should import feature module in SpartacusFeaturesModule 1`] = `
"import { NgModule } from '@angular/core';
import { AnonymousConsentsModule, AuthModule, CartModule, CartOccModule, CheckoutModule, CheckoutOccModule, CostCenterOccModule, ProductModule, ProductOccModule, UserOccTransitionalModule, UserTransitionalModule } from \\"@spartacus/core\\";
import { AddressBookModule, AnonymousConsentManagementBannerModule, AnonymousConsentsDialogModule, BannerCarouselModule, BannerModule, BreadcrumbModule, CartComponentModule, CartPageEventModule, CategoryNavigationModule, CheckoutComponentModule, CheckoutLoginModule, CmsParagraphModule, ConsentManagementModule, FooterNavigationModule, HamburgerMenuModule, HomePageEventModule, LinkModule, LoginRouteModule, LogoutModule, MyCouponsModule, MyInterestsModule, NavigationEventModule, NavigationModule, NotificationPreferenceModule, OrderCancellationModule, OrderConfirmationModule, OrderDetailsModule, OrderHistoryModule, OrderReturnModule, PaymentMethodsModule, ProductCarouselModule, ProductDetailsPageModule, ProductFacetNavigationModule, ProductImagesModule, ProductIntroModule, ProductListingPageModule, ProductListModule, ProductPageEventModule, ProductReferencesModule, ProductSummaryModule, ProductTabsModule, ReplenishmentOrderConfirmationModule, ReplenishmentOrderDetailsModule, ReplenishmentOrderHistoryModule, ReturnRequestDetailModule, ReturnRequestListModule, SearchBoxModule, SiteContextSelectorModule, StockNotificationModule, TabParagraphContainerModule, WishListModule } from \\"@spartacus/storefront\\";
import { CdsFeatureModule } from './features/cds/cds-feature.module';

@NgModule({
  declarations: [],
  imports: [
    // Auth Core
    AuthModule.forRoot(),
    LogoutModule,
    LoginRouteModule,
    // Basic Cms Components
    HamburgerMenuModule,
    SiteContextSelectorModule,
    LinkModule,
    BannerModule,
    CmsParagraphModule,
    TabParagraphContainerModule,
    BannerCarouselModule,
    CategoryNavigationModule,
    NavigationModule,
    FooterNavigationModule,
    BreadcrumbModule,
    // User Core,
    UserTransitionalModule,
    UserOccTransitionalModule,
    // User UI,
    AddressBookModule,
    PaymentMethodsModule,
    NotificationPreferenceModule,
    MyInterestsModule,
    StockNotificationModule,
    ConsentManagementModule,
    MyCouponsModule,
    // Anonymous Consents Core,
    AnonymousConsentsModule.forRoot(),
    // Anonymous Consents UI,
    AnonymousConsentsDialogModule,
    AnonymousConsentManagementBannerModule,
    // Product Core,
    ProductModule.forRoot(),
    ProductOccModule,
    // Product UI,
    ProductDetailsPageModule,
    ProductListingPageModule,
    ProductListModule,
    SearchBoxModule,
    ProductFacetNavigationModule,
    ProductTabsModule,
    ProductCarouselModule,
    ProductReferencesModule,
    ProductImagesModule,
    ProductSummaryModule,
    ProductIntroModule,
    // Cart Core,
    CartModule.forRoot(),
    CartOccModule,
    // Cart UI,
    CartComponentModule,
    WishListModule,
    // Checkout Core,
    CheckoutModule.forRoot(),
    CheckoutOccModule,
    CostCenterOccModule,
    // Checkout UI,
    CheckoutLoginModule,
    CheckoutComponentModule,
    OrderConfirmationModule,
    // Order,
    OrderHistoryModule,
    OrderDetailsModule,
    OrderCancellationModule,
    OrderReturnModule,
    ReturnRequestListModule,
    ReturnRequestDetailModule,
    ReplenishmentOrderHistoryModule,
    ReplenishmentOrderDetailsModule,
    ReplenishmentOrderConfirmationModule,
    // Page Events,
    NavigationEventModule,
    HomePageEventModule,
    CartPageEventModule,
    ProductPageEventModule,
    CdsFeatureModule,
  ]
})
export class SpartacusFeaturesModule { }
"
`;
