// Jest Snapshot v1, https://goo.gl/fbAQLP

exports[`Spartacus Checkout schematics: ng-add Checkout feature b2b eager loading should import appropriate modules 1`] = `
"import { NgModule } from '@angular/core';
import { CheckoutB2BModule } from \\"@spartacus/checkout/b2b\\";
import { checkoutB2BTranslationChunksConfig, checkoutB2BTranslations } from \\"@spartacus/checkout/b2b/assets\\";
import { CheckoutB2BRootModule } from \\"@spartacus/checkout/b2b/root\\";
import { CheckoutModule } from \\"@spartacus/checkout/base\\";
import { checkoutTranslationChunksConfig, checkoutTranslations } from \\"@spartacus/checkout/base/assets\\";
import { CheckoutRootModule } from \\"@spartacus/checkout/base/root\\";
import { I18nConfig, provideConfig } from \\"@spartacus/core\\";

@NgModule({
  declarations: [],
  imports: [
    CheckoutRootModule,
    CheckoutModule,
    CheckoutB2BRootModule,
    CheckoutB2BModule
  ],
  providers: [provideConfig(<I18nConfig>{
    i18n: {
      resources: checkoutTranslations,
      chunks: checkoutTranslationChunksConfig,
    },
  }),
  provideConfig(<I18nConfig>{
    i18n: {
      resources: checkoutB2BTranslations,
      chunks: checkoutB2BTranslationChunksConfig,
    },
  })
  ]
})
export class CheckoutFeatureModule { }
"
`;

exports[`Spartacus Checkout schematics: ng-add Checkout feature b2b general setup b2b features configuration should be added 1`] = `
"import { NgModule } from '@angular/core';
import { translationChunksConfig, translations } from \\"@spartacus/assets\\";
import { FeaturesConfig, I18nConfig, OccConfig, provideConfig, SiteContextConfig } from \\"@spartacus/core\\";
import { defaultB2bOccConfig } from \\"@spartacus/setup\\";
import { defaultCmsContentProviders, layoutConfig, mediaConfig } from \\"@spartacus/storefront\\";

@NgModule({
  declarations: [],
  imports: [
  ],
  providers: [provideConfig(layoutConfig), provideConfig(mediaConfig), ...defaultCmsContentProviders, provideConfig(<OccConfig>{
    backend: {
      occ: {
        baseUrl: 'https://localhost:9002',
      }
    },
  }), provideConfig(<SiteContextConfig>{
    context: {
      currency: ['USD'],
      language: ['en'],
    },
  }), provideConfig(<I18nConfig>{
    i18n: {
      resources: translations,
      chunks: translationChunksConfig,
      fallbackLang: 'en'
    },
  }), provideConfig(<FeaturesConfig>{
    features: {
      level: '4.1'
    }
  }), provideConfig(defaultB2bOccConfig)]
})
export class SpartacusConfigurationModule { }
"
`;

exports[`Spartacus Checkout schematics: ng-add Checkout feature b2b general setup should add the feature using the lazy loading syntax 1`] = `
"import { NgModule } from '@angular/core';
import { checkoutB2BTranslationChunksConfig, checkoutB2BTranslations } from \\"@spartacus/checkout/b2b/assets\\";
import { CheckoutB2BRootModule } from \\"@spartacus/checkout/b2b/root\\";
import { checkoutTranslationChunksConfig, checkoutTranslations } from \\"@spartacus/checkout/base/assets\\";
import { CheckoutRootModule, CHECKOUT_FEATURE } from \\"@spartacus/checkout/base/root\\";
import { CmsConfig, I18nConfig, provideConfig } from \\"@spartacus/core\\";

@NgModule({
  declarations: [],
  imports: [
    CheckoutRootModule,
    CheckoutB2BRootModule
  ],
  providers: [provideConfig(<CmsConfig>{
    featureModules: {
      [CHECKOUT_FEATURE]: {
        module: () =>
          import('./checkout-wrapper.module').then((m) => m.CheckoutWrapperModule),
      },
    }
  }),
  provideConfig(<I18nConfig>{
    i18n: {
      resources: checkoutTranslations,
      chunks: checkoutTranslationChunksConfig,
    },
  }),
  provideConfig(<I18nConfig>{
    i18n: {
      resources: checkoutB2BTranslations,
      chunks: checkoutB2BTranslationChunksConfig,
    },
  })
  ]
})
export class CheckoutFeatureModule { }
"
`;

exports[`Spartacus Checkout schematics: ng-add Checkout feature b2b general setup should add the feature using the lazy loading syntax 2`] = `
"import { NgModule } from '@angular/core';
import { CheckoutB2BModule } from \\"@spartacus/checkout/b2b\\";
import { CheckoutModule } from \\"@spartacus/checkout/base\\";

@NgModule({
  declarations: [],
  imports: [CheckoutModule,
    CheckoutB2BModule]
})
export class CheckoutWrapperModule { }
"
`;

exports[`Spartacus Checkout schematics: ng-add Checkout feature b2b general setup should install the required feature dependencies 1`] = `
"import { NgModule } from '@angular/core';
import { cartBaseTranslationChunksConfig, cartBaseTranslations } from \\"@spartacus/cart/base/assets\\";
import { ADD_TO_CART_FEATURE, CartBaseRootModule, CART_BASE_FEATURE, MINI_CART_FEATURE } from \\"@spartacus/cart/base/root\\";
import { CmsConfig, I18nConfig, provideConfig } from \\"@spartacus/core\\";

@NgModule({
  declarations: [],
  imports: [
    CartBaseRootModule
  ],
  providers: [provideConfig(<CmsConfig>{
    featureModules: {
      [CART_BASE_FEATURE]: {
        module: () =>
          import('@spartacus/cart/base').then((m) => m.CartBaseModule),
      },
    }
  }),
  provideConfig(<CmsConfig>{
    featureModules: {
      [MINI_CART_FEATURE]: {
        module: () =>
          import('@spartacus/cart/base/components/mini-cart').then((m) => m.MiniCartModule),
      },
    }
  }),
  provideConfig(<CmsConfig>{
    featureModules: {
      [ADD_TO_CART_FEATURE]: {
        module: () =>
          import('@spartacus/cart/base/components/add-to-cart').then((m) => m.AddToCartModule),
      },
    }
  }),
  provideConfig(<I18nConfig>{
    i18n: {
      resources: cartBaseTranslations,
      chunks: cartBaseTranslationChunksConfig,
    },
  })
  ]
})
export class CartBaseFeatureModule { }
"
`;

exports[`Spartacus Checkout schematics: ng-add Checkout feature b2b general setup should install the required feature dependencies 2`] = `
"import { NgModule } from '@angular/core';
import { CmsConfig, I18nConfig, provideConfig } from \\"@spartacus/core\\";
import { orderTranslationChunksConfig, orderTranslations } from \\"@spartacus/order/assets\\";
import { OrderRootModule, ORDER_FEATURE } from \\"@spartacus/order/root\\";

@NgModule({
  declarations: [],
  imports: [
    OrderRootModule
  ],
  providers: [provideConfig(<CmsConfig>{
    featureModules: {
      [ORDER_FEATURE]: {
        module: () =>
          import('@spartacus/order').then((m) => m.OrderModule),
      },
    }
  }),
  provideConfig(<I18nConfig>{
    i18n: {
      resources: orderTranslations,
      chunks: orderTranslationChunksConfig,
    },
  })
  ]
})
export class OrderFeatureModule { }
"
`;

exports[`Spartacus Checkout schematics: ng-add Checkout feature b2b general setup should install the required feature dependencies 3`] = `
"import { NgModule } from '@angular/core';
import { CmsConfig, I18nConfig, provideConfig } from \\"@spartacus/core\\";
import { userAccountTranslationChunksConfig, userAccountTranslations } from \\"@spartacus/user/account/assets\\";
import { UserAccountRootModule, USER_ACCOUNT_FEATURE } from \\"@spartacus/user/account/root\\";
import { userProfileTranslationChunksConfig, userProfileTranslations } from \\"@spartacus/user/profile/assets\\";
import { UserProfileRootModule, USER_PROFILE_FEATURE } from \\"@spartacus/user/profile/root\\";

@NgModule({
  declarations: [],
  imports: [
    UserAccountRootModule,
    UserProfileRootModule
  ],
  providers: [provideConfig(<CmsConfig>{
    featureModules: {
      [USER_ACCOUNT_FEATURE]: {
        module: () =>
          import('@spartacus/user/account').then((m) => m.UserAccountModule),
      },
    }
  }),
  provideConfig(<I18nConfig>{
    i18n: {
      resources: userAccountTranslations,
      chunks: userAccountTranslationChunksConfig,
    },
  }),
  provideConfig(<CmsConfig>{
    featureModules: {
      [USER_PROFILE_FEATURE]: {
        module: () =>
          import('@spartacus/user/profile').then((m) => m.UserProfileModule),
      },
    }
  }),
  provideConfig(<I18nConfig>{
    i18n: {
      resources: userProfileTranslations,
      chunks: userProfileTranslationChunksConfig,
    },
  })
  ]
})
export class UserFeatureModule { }
"
`;

exports[`Spartacus Checkout schematics: ng-add Checkout feature b2b general setup styling should create a proper scss file 1`] = `"@import \\"@spartacus/checkout\\";"`;

exports[`Spartacus Checkout schematics: ng-add Checkout feature b2b general setup styling should update angular.json 1`] = `
"{
  \\"$schema\\": \\"./node_modules/@angular/cli/lib/config/schema.json\\",
  \\"version\\": 1,
  \\"newProjectRoot\\": \\"\\",
  \\"projects\\": {
    \\"schematics-test\\": {
      \\"projectType\\": \\"application\\",
      \\"schematics\\": {
        \\"@schematics/angular:component\\": {
          \\"style\\": \\"scss\\"
        },
        \\"@schematics/angular:application\\": {
          \\"strict\\": true
        }
      },
      \\"root\\": \\"\\",
      \\"sourceRoot\\": \\"src\\",
      \\"prefix\\": \\"app\\",
      \\"architect\\": {
        \\"build\\": {
          \\"builder\\": \\"@angular-devkit/build-angular:browser\\",
          \\"options\\": {
            \\"outputPath\\": \\"dist/schematics-test\\",
            \\"index\\": \\"src/index.html\\",
            \\"main\\": \\"src/main.ts\\",
            \\"polyfills\\": \\"src/polyfills.ts\\",
            \\"tsConfig\\": \\"tsconfig.app.json\\",
            \\"inlineStyleLanguage\\": \\"scss\\",
            \\"assets\\": [
              \\"src/favicon.ico\\",
              \\"src/assets\\"
            ],
            \\"styles\\": [
              \\"src/styles.scss\\",
              \\"src/styles/spartacus/user.scss\\",
              \\"src/styles/spartacus/cart.scss\\",
              \\"src/styles/spartacus/order.scss\\",
              \\"src/styles/spartacus/checkout.scss\\"
            ],
            \\"scripts\\": []
          },
          \\"configurations\\": {
            \\"production\\": {
              \\"budgets\\": [
                {
                  \\"type\\": \\"initial\\",
                  \\"maximumWarning\\": \\"500kb\\",
                  \\"maximumError\\": \\"2.5mb\\"
                },
                {
                  \\"type\\": \\"anyComponentStyle\\",
                  \\"maximumWarning\\": \\"2kb\\",
                  \\"maximumError\\": \\"4kb\\"
                }
              ],
              \\"fileReplacements\\": [
                {
                  \\"replace\\": \\"src/environments/environment.ts\\",
                  \\"with\\": \\"src/environments/environment.prod.ts\\"
                }
              ],
              \\"outputHashing\\": \\"all\\"
            },
            \\"development\\": {
              \\"buildOptimizer\\": false,
              \\"optimization\\": false,
              \\"vendorChunk\\": true,
              \\"extractLicenses\\": false,
              \\"sourceMap\\": true,
              \\"namedChunks\\": true
            }
          },
          \\"defaultConfiguration\\": \\"production\\"
        },
        \\"serve\\": {
          \\"builder\\": \\"@angular-devkit/build-angular:dev-server\\",
          \\"configurations\\": {
            \\"production\\": {
              \\"browserTarget\\": \\"schematics-test:build:production\\"
            },
            \\"development\\": {
              \\"browserTarget\\": \\"schematics-test:build:development\\"
            }
          },
          \\"defaultConfiguration\\": \\"development\\"
        },
        \\"extract-i18n\\": {
          \\"builder\\": \\"@angular-devkit/build-angular:extract-i18n\\",
          \\"options\\": {
            \\"browserTarget\\": \\"schematics-test:build\\"
          }
        },
        \\"test\\": {
          \\"builder\\": \\"@angular-devkit/build-angular:karma\\",
          \\"options\\": {
            \\"main\\": \\"src/test.ts\\",
            \\"polyfills\\": \\"src/polyfills.ts\\",
            \\"tsConfig\\": \\"tsconfig.spec.json\\",
            \\"karmaConfig\\": \\"karma.conf.js\\",
            \\"inlineStyleLanguage\\": \\"scss\\",
            \\"assets\\": [
              \\"src/favicon.ico\\",
              \\"src/assets\\"
            ],
            \\"styles\\": [
              \\"src/styles.scss\\",
              \\"src/styles/spartacus/user.scss\\",
              \\"src/styles/spartacus/cart.scss\\",
              \\"src/styles/spartacus/order.scss\\",
              \\"src/styles/spartacus/checkout.scss\\"
            ],
            \\"scripts\\": []
          }
        }
      }
    }
  },
  \\"defaultProject\\": \\"schematics-test\\"
}"
`;

exports[`Spartacus Checkout schematics: ng-add Checkout feature base eager loading should import appropriate modules 1`] = `
"import { NgModule } from '@angular/core';
import { CheckoutModule } from \\"@spartacus/checkout/base\\";
import { checkoutTranslationChunksConfig, checkoutTranslations } from \\"@spartacus/checkout/base/assets\\";
import { CheckoutRootModule } from \\"@spartacus/checkout/base/root\\";
import { I18nConfig, provideConfig } from \\"@spartacus/core\\";

@NgModule({
  declarations: [],
  imports: [
    CheckoutRootModule,
    CheckoutModule
  ],
  providers: [provideConfig(<I18nConfig>{
    i18n: {
      resources: checkoutTranslations,
      chunks: checkoutTranslationChunksConfig,
    },
  })]
})
export class CheckoutFeatureModule { }
"
`;

exports[`Spartacus Checkout schematics: ng-add Checkout feature base general setup should add the feature using the lazy loading syntax 1`] = `
"import { NgModule } from '@angular/core';
import { checkoutTranslationChunksConfig, checkoutTranslations } from \\"@spartacus/checkout/base/assets\\";
import { CheckoutRootModule, CHECKOUT_FEATURE } from \\"@spartacus/checkout/base/root\\";
import { CmsConfig, I18nConfig, provideConfig } from \\"@spartacus/core\\";

@NgModule({
  declarations: [],
  imports: [
    CheckoutRootModule
  ],
  providers: [provideConfig(<CmsConfig>{
    featureModules: {
      [CHECKOUT_FEATURE]: {
        module: () =>
          import('@spartacus/checkout/base').then((m) => m.CheckoutModule),
      },
    }
  }),
  provideConfig(<I18nConfig>{
    i18n: {
      resources: checkoutTranslations,
      chunks: checkoutTranslationChunksConfig,
    },
  })
  ]
})
export class CheckoutFeatureModule { }
"
`;

exports[`Spartacus Checkout schematics: ng-add Checkout feature base general setup should install the required feature dependencies 1`] = `
"import { NgModule } from '@angular/core';
import { cartBaseTranslationChunksConfig, cartBaseTranslations } from \\"@spartacus/cart/base/assets\\";
import { ADD_TO_CART_FEATURE, CartBaseRootModule, CART_BASE_FEATURE, MINI_CART_FEATURE } from \\"@spartacus/cart/base/root\\";
import { CmsConfig, I18nConfig, provideConfig } from \\"@spartacus/core\\";

@NgModule({
  declarations: [],
  imports: [
    CartBaseRootModule
  ],
  providers: [provideConfig(<CmsConfig>{
    featureModules: {
      [CART_BASE_FEATURE]: {
        module: () =>
          import('@spartacus/cart/base').then((m) => m.CartBaseModule),
      },
    }
  }),
  provideConfig(<CmsConfig>{
    featureModules: {
      [MINI_CART_FEATURE]: {
        module: () =>
          import('@spartacus/cart/base/components/mini-cart').then((m) => m.MiniCartModule),
      },
    }
  }),
  provideConfig(<CmsConfig>{
    featureModules: {
      [ADD_TO_CART_FEATURE]: {
        module: () =>
          import('@spartacus/cart/base/components/add-to-cart').then((m) => m.AddToCartModule),
      },
    }
  }),
  provideConfig(<I18nConfig>{
    i18n: {
      resources: cartBaseTranslations,
      chunks: cartBaseTranslationChunksConfig,
    },
  })
  ]
})
export class CartBaseFeatureModule { }
"
`;

exports[`Spartacus Checkout schematics: ng-add Checkout feature base general setup should install the required feature dependencies 2`] = `
"import { NgModule } from '@angular/core';
import { CmsConfig, I18nConfig, provideConfig } from \\"@spartacus/core\\";
import { orderTranslationChunksConfig, orderTranslations } from \\"@spartacus/order/assets\\";
import { OrderRootModule, ORDER_FEATURE } from \\"@spartacus/order/root\\";

@NgModule({
  declarations: [],
  imports: [
    OrderRootModule
  ],
  providers: [provideConfig(<CmsConfig>{
    featureModules: {
      [ORDER_FEATURE]: {
        module: () =>
          import('@spartacus/order').then((m) => m.OrderModule),
      },
    }
  }),
  provideConfig(<I18nConfig>{
    i18n: {
      resources: orderTranslations,
      chunks: orderTranslationChunksConfig,
    },
  })
  ]
})
export class OrderFeatureModule { }
"
`;

exports[`Spartacus Checkout schematics: ng-add Checkout feature base general setup should install the required feature dependencies 3`] = `
"import { NgModule } from '@angular/core';
import { CmsConfig, I18nConfig, provideConfig } from \\"@spartacus/core\\";
import { userAccountTranslationChunksConfig, userAccountTranslations } from \\"@spartacus/user/account/assets\\";
import { UserAccountRootModule, USER_ACCOUNT_FEATURE } from \\"@spartacus/user/account/root\\";
import { userProfileTranslationChunksConfig, userProfileTranslations } from \\"@spartacus/user/profile/assets\\";
import { UserProfileRootModule, USER_PROFILE_FEATURE } from \\"@spartacus/user/profile/root\\";

@NgModule({
  declarations: [],
  imports: [
    UserAccountRootModule,
    UserProfileRootModule
  ],
  providers: [provideConfig(<CmsConfig>{
    featureModules: {
      [USER_ACCOUNT_FEATURE]: {
        module: () =>
          import('@spartacus/user/account').then((m) => m.UserAccountModule),
      },
    }
  }),
  provideConfig(<I18nConfig>{
    i18n: {
      resources: userAccountTranslations,
      chunks: userAccountTranslationChunksConfig,
    },
  }),
  provideConfig(<CmsConfig>{
    featureModules: {
      [USER_PROFILE_FEATURE]: {
        module: () =>
          import('@spartacus/user/profile').then((m) => m.UserProfileModule),
      },
    }
  }),
  provideConfig(<I18nConfig>{
    i18n: {
      resources: userProfileTranslations,
      chunks: userProfileTranslationChunksConfig,
    },
  })
  ]
})
export class UserFeatureModule { }
"
`;

exports[`Spartacus Checkout schematics: ng-add Checkout feature base general setup styling should create a proper scss file 1`] = `"@import \\"@spartacus/checkout\\";"`;

exports[`Spartacus Checkout schematics: ng-add Checkout feature base general setup styling should update angular.json 1`] = `
"{
  \\"$schema\\": \\"./node_modules/@angular/cli/lib/config/schema.json\\",
  \\"version\\": 1,
  \\"newProjectRoot\\": \\"\\",
  \\"projects\\": {
    \\"schematics-test\\": {
      \\"projectType\\": \\"application\\",
      \\"schematics\\": {
        \\"@schematics/angular:component\\": {
          \\"style\\": \\"scss\\"
        },
        \\"@schematics/angular:application\\": {
          \\"strict\\": true
        }
      },
      \\"root\\": \\"\\",
      \\"sourceRoot\\": \\"src\\",
      \\"prefix\\": \\"app\\",
      \\"architect\\": {
        \\"build\\": {
          \\"builder\\": \\"@angular-devkit/build-angular:browser\\",
          \\"options\\": {
            \\"outputPath\\": \\"dist/schematics-test\\",
            \\"index\\": \\"src/index.html\\",
            \\"main\\": \\"src/main.ts\\",
            \\"polyfills\\": \\"src/polyfills.ts\\",
            \\"tsConfig\\": \\"tsconfig.app.json\\",
            \\"inlineStyleLanguage\\": \\"scss\\",
            \\"assets\\": [
              \\"src/favicon.ico\\",
              \\"src/assets\\"
            ],
            \\"styles\\": [
              \\"src/styles.scss\\",
              \\"src/styles/spartacus/user.scss\\",
              \\"src/styles/spartacus/cart.scss\\",
              \\"src/styles/spartacus/order.scss\\",
              \\"src/styles/spartacus/checkout.scss\\"
            ],
            \\"scripts\\": []
          },
          \\"configurations\\": {
            \\"production\\": {
              \\"budgets\\": [
                {
                  \\"type\\": \\"initial\\",
                  \\"maximumWarning\\": \\"500kb\\",
                  \\"maximumError\\": \\"2.5mb\\"
                },
                {
                  \\"type\\": \\"anyComponentStyle\\",
                  \\"maximumWarning\\": \\"2kb\\",
                  \\"maximumError\\": \\"4kb\\"
                }
              ],
              \\"fileReplacements\\": [
                {
                  \\"replace\\": \\"src/environments/environment.ts\\",
                  \\"with\\": \\"src/environments/environment.prod.ts\\"
                }
              ],
              \\"outputHashing\\": \\"all\\"
            },
            \\"development\\": {
              \\"buildOptimizer\\": false,
              \\"optimization\\": false,
              \\"vendorChunk\\": true,
              \\"extractLicenses\\": false,
              \\"sourceMap\\": true,
              \\"namedChunks\\": true
            }
          },
          \\"defaultConfiguration\\": \\"production\\"
        },
        \\"serve\\": {
          \\"builder\\": \\"@angular-devkit/build-angular:dev-server\\",
          \\"configurations\\": {
            \\"production\\": {
              \\"browserTarget\\": \\"schematics-test:build:production\\"
            },
            \\"development\\": {
              \\"browserTarget\\": \\"schematics-test:build:development\\"
            }
          },
          \\"defaultConfiguration\\": \\"development\\"
        },
        \\"extract-i18n\\": {
          \\"builder\\": \\"@angular-devkit/build-angular:extract-i18n\\",
          \\"options\\": {
            \\"browserTarget\\": \\"schematics-test:build\\"
          }
        },
        \\"test\\": {
          \\"builder\\": \\"@angular-devkit/build-angular:karma\\",
          \\"options\\": {
            \\"main\\": \\"src/test.ts\\",
            \\"polyfills\\": \\"src/polyfills.ts\\",
            \\"tsConfig\\": \\"tsconfig.spec.json\\",
            \\"karmaConfig\\": \\"karma.conf.js\\",
            \\"inlineStyleLanguage\\": \\"scss\\",
            \\"assets\\": [
              \\"src/favicon.ico\\",
              \\"src/assets\\"
            ],
            \\"styles\\": [
              \\"src/styles.scss\\",
              \\"src/styles/spartacus/user.scss\\",
              \\"src/styles/spartacus/cart.scss\\",
              \\"src/styles/spartacus/order.scss\\",
              \\"src/styles/spartacus/checkout.scss\\"
            ],
            \\"scripts\\": []
          }
        }
      }
    }
  },
  \\"defaultProject\\": \\"schematics-test\\"
}"
`;

exports[`Spartacus Checkout schematics: ng-add Checkout feature scheduled replenishment eager loading should import appropriate modules 1`] = `
"import { NgModule } from '@angular/core';
import { CheckoutB2BModule } from \\"@spartacus/checkout/b2b\\";
import { checkoutB2BTranslationChunksConfig, checkoutB2BTranslations } from \\"@spartacus/checkout/b2b/assets\\";
import { CheckoutB2BRootModule } from \\"@spartacus/checkout/b2b/root\\";
import { CheckoutModule } from \\"@spartacus/checkout/base\\";
import { checkoutTranslationChunksConfig, checkoutTranslations } from \\"@spartacus/checkout/base/assets\\";
import { CheckoutRootModule } from \\"@spartacus/checkout/base/root\\";
import { CheckoutScheduledReplenishmentModule } from \\"@spartacus/checkout/scheduled-replenishment\\";
import { checkoutScheduledReplenishmentTranslationChunksConfig, checkoutScheduledReplenishmentTranslations } from \\"@spartacus/checkout/scheduled-replenishment/assets\\";
import { CheckoutScheduledReplenishmentRootModule } from \\"@spartacus/checkout/scheduled-replenishment/root\\";
import { I18nConfig, provideConfig } from \\"@spartacus/core\\";

@NgModule({
  declarations: [],
  imports: [
    CheckoutRootModule,
    CheckoutModule,
    CheckoutB2BRootModule,
    CheckoutB2BModule,
    CheckoutScheduledReplenishmentRootModule,
    CheckoutScheduledReplenishmentModule
  ],
  providers: [provideConfig(<I18nConfig>{
    i18n: {
      resources: checkoutTranslations,
      chunks: checkoutTranslationChunksConfig,
    },
  }),
  provideConfig(<I18nConfig>{
    i18n: {
      resources: checkoutB2BTranslations,
      chunks: checkoutB2BTranslationChunksConfig,
    },
  }),
  provideConfig(<I18nConfig>{
    i18n: {
      resources: checkoutScheduledReplenishmentTranslations,
      chunks: checkoutScheduledReplenishmentTranslationChunksConfig,
    },
  })
  ]
})
export class CheckoutFeatureModule { }
"
`;

exports[`Spartacus Checkout schematics: ng-add Checkout feature scheduled replenishment general setup b2b features configuration should be added 1`] = `
"import { NgModule } from '@angular/core';
import { translationChunksConfig, translations } from \\"@spartacus/assets\\";
import { FeaturesConfig, I18nConfig, OccConfig, provideConfig, SiteContextConfig } from \\"@spartacus/core\\";
import { defaultB2bOccConfig } from \\"@spartacus/setup\\";
import { defaultCmsContentProviders, layoutConfig, mediaConfig } from \\"@spartacus/storefront\\";

@NgModule({
  declarations: [],
  imports: [
  ],
  providers: [provideConfig(layoutConfig), provideConfig(mediaConfig), ...defaultCmsContentProviders, provideConfig(<OccConfig>{
    backend: {
      occ: {
        baseUrl: 'https://localhost:9002',
      }
    },
  }), provideConfig(<SiteContextConfig>{
    context: {
      currency: ['USD'],
      language: ['en'],
    },
  }), provideConfig(<I18nConfig>{
    i18n: {
      resources: translations,
      chunks: translationChunksConfig,
      fallbackLang: 'en'
    },
  }), provideConfig(<FeaturesConfig>{
    features: {
      level: '4.1'
    }
  }), provideConfig(defaultB2bOccConfig)]
})
export class SpartacusConfigurationModule { }
"
`;

exports[`Spartacus Checkout schematics: ng-add Checkout feature scheduled replenishment general setup should add the feature using the lazy loading syntax 1`] = `
"import { NgModule } from '@angular/core';
import { checkoutB2BTranslationChunksConfig, checkoutB2BTranslations } from \\"@spartacus/checkout/b2b/assets\\";
import { CheckoutB2BRootModule } from \\"@spartacus/checkout/b2b/root\\";
import { checkoutTranslationChunksConfig, checkoutTranslations } from \\"@spartacus/checkout/base/assets\\";
import { CheckoutRootModule, CHECKOUT_FEATURE } from \\"@spartacus/checkout/base/root\\";
import { checkoutScheduledReplenishmentTranslationChunksConfig, checkoutScheduledReplenishmentTranslations } from \\"@spartacus/checkout/scheduled-replenishment/assets\\";
import { CheckoutScheduledReplenishmentRootModule } from \\"@spartacus/checkout/scheduled-replenishment/root\\";
import { CmsConfig, I18nConfig, provideConfig } from \\"@spartacus/core\\";

@NgModule({
  declarations: [],
  imports: [
    CheckoutRootModule,
    CheckoutB2BRootModule,
    CheckoutScheduledReplenishmentRootModule
  ],
  providers: [provideConfig(<CmsConfig>{
    featureModules: {
      [CHECKOUT_FEATURE]: {
        module: () =>
          import('./checkout-wrapper.module').then((m) => m.CheckoutWrapperModule),
      },
    }
  }),
  provideConfig(<I18nConfig>{
    i18n: {
      resources: checkoutTranslations,
      chunks: checkoutTranslationChunksConfig,
    },
  }),
  provideConfig(<I18nConfig>{
    i18n: {
      resources: checkoutB2BTranslations,
      chunks: checkoutB2BTranslationChunksConfig,
    },
  }),
  provideConfig(<I18nConfig>{
    i18n: {
      resources: checkoutScheduledReplenishmentTranslations,
      chunks: checkoutScheduledReplenishmentTranslationChunksConfig,
    },
  })
  ]
})
export class CheckoutFeatureModule { }
"
`;

exports[`Spartacus Checkout schematics: ng-add Checkout feature scheduled replenishment general setup should add the feature using the lazy loading syntax 2`] = `
"import { NgModule } from '@angular/core';
import { CheckoutB2BModule } from \\"@spartacus/checkout/b2b\\";
import { CheckoutModule } from \\"@spartacus/checkout/base\\";
import { CheckoutScheduledReplenishmentModule } from \\"@spartacus/checkout/scheduled-replenishment\\";

@NgModule({
  declarations: [],
  imports: [CheckoutModule,
    CheckoutB2BModule,
    CheckoutScheduledReplenishmentModule]
})
export class CheckoutWrapperModule { }
"
`;

exports[`Spartacus Checkout schematics: ng-add Checkout feature scheduled replenishment general setup should install the required feature dependencies 1`] = `
"import { NgModule } from '@angular/core';
import { cartBaseTranslationChunksConfig, cartBaseTranslations } from \\"@spartacus/cart/base/assets\\";
import { ADD_TO_CART_FEATURE, CartBaseRootModule, CART_BASE_FEATURE, MINI_CART_FEATURE } from \\"@spartacus/cart/base/root\\";
import { CmsConfig, I18nConfig, provideConfig } from \\"@spartacus/core\\";

@NgModule({
  declarations: [],
  imports: [
    CartBaseRootModule
  ],
  providers: [provideConfig(<CmsConfig>{
    featureModules: {
      [CART_BASE_FEATURE]: {
        module: () =>
          import('@spartacus/cart/base').then((m) => m.CartBaseModule),
      },
    }
  }),
  provideConfig(<CmsConfig>{
    featureModules: {
      [MINI_CART_FEATURE]: {
        module: () =>
          import('@spartacus/cart/base/components/mini-cart').then((m) => m.MiniCartModule),
      },
    }
  }),
  provideConfig(<CmsConfig>{
    featureModules: {
      [ADD_TO_CART_FEATURE]: {
        module: () =>
          import('@spartacus/cart/base/components/add-to-cart').then((m) => m.AddToCartModule),
      },
    }
  }),
  provideConfig(<I18nConfig>{
    i18n: {
      resources: cartBaseTranslations,
      chunks: cartBaseTranslationChunksConfig,
    },
  })
  ]
})
export class CartBaseFeatureModule { }
"
`;

exports[`Spartacus Checkout schematics: ng-add Checkout feature scheduled replenishment general setup should install the required feature dependencies 2`] = `
"import { NgModule } from '@angular/core';
import { CmsConfig, I18nConfig, provideConfig } from \\"@spartacus/core\\";
import { orderTranslationChunksConfig, orderTranslations } from \\"@spartacus/order/assets\\";
import { OrderRootModule, ORDER_FEATURE } from \\"@spartacus/order/root\\";

@NgModule({
  declarations: [],
  imports: [
    OrderRootModule
  ],
  providers: [provideConfig(<CmsConfig>{
    featureModules: {
      [ORDER_FEATURE]: {
        module: () =>
          import('@spartacus/order').then((m) => m.OrderModule),
      },
    }
  }),
  provideConfig(<I18nConfig>{
    i18n: {
      resources: orderTranslations,
      chunks: orderTranslationChunksConfig,
    },
  })
  ]
})
export class OrderFeatureModule { }
"
`;

exports[`Spartacus Checkout schematics: ng-add Checkout feature scheduled replenishment general setup should install the required feature dependencies 3`] = `
"import { NgModule } from '@angular/core';
import { CmsConfig, I18nConfig, provideConfig } from \\"@spartacus/core\\";
import { userAccountTranslationChunksConfig, userAccountTranslations } from \\"@spartacus/user/account/assets\\";
import { UserAccountRootModule, USER_ACCOUNT_FEATURE } from \\"@spartacus/user/account/root\\";
import { userProfileTranslationChunksConfig, userProfileTranslations } from \\"@spartacus/user/profile/assets\\";
import { UserProfileRootModule, USER_PROFILE_FEATURE } from \\"@spartacus/user/profile/root\\";

@NgModule({
  declarations: [],
  imports: [
    UserAccountRootModule,
    UserProfileRootModule
  ],
  providers: [provideConfig(<CmsConfig>{
    featureModules: {
      [USER_ACCOUNT_FEATURE]: {
        module: () =>
          import('@spartacus/user/account').then((m) => m.UserAccountModule),
      },
    }
  }),
  provideConfig(<I18nConfig>{
    i18n: {
      resources: userAccountTranslations,
      chunks: userAccountTranslationChunksConfig,
    },
  }),
  provideConfig(<CmsConfig>{
    featureModules: {
      [USER_PROFILE_FEATURE]: {
        module: () =>
          import('@spartacus/user/profile').then((m) => m.UserProfileModule),
      },
    }
  }),
  provideConfig(<I18nConfig>{
    i18n: {
      resources: userProfileTranslations,
      chunks: userProfileTranslationChunksConfig,
    },
  })
  ]
})
export class UserFeatureModule { }
"
`;

exports[`Spartacus Checkout schematics: ng-add Checkout feature scheduled replenishment general setup styling should create a proper scss file 1`] = `"@import \\"@spartacus/checkout\\";"`;

exports[`Spartacus Checkout schematics: ng-add Checkout feature scheduled replenishment general setup styling should update angular.json 1`] = `
"{
  \\"$schema\\": \\"./node_modules/@angular/cli/lib/config/schema.json\\",
  \\"version\\": 1,
  \\"newProjectRoot\\": \\"\\",
  \\"projects\\": {
    \\"schematics-test\\": {
      \\"projectType\\": \\"application\\",
      \\"schematics\\": {
        \\"@schematics/angular:component\\": {
          \\"style\\": \\"scss\\"
        },
        \\"@schematics/angular:application\\": {
          \\"strict\\": true
        }
      },
      \\"root\\": \\"\\",
      \\"sourceRoot\\": \\"src\\",
      \\"prefix\\": \\"app\\",
      \\"architect\\": {
        \\"build\\": {
          \\"builder\\": \\"@angular-devkit/build-angular:browser\\",
          \\"options\\": {
            \\"outputPath\\": \\"dist/schematics-test\\",
            \\"index\\": \\"src/index.html\\",
            \\"main\\": \\"src/main.ts\\",
            \\"polyfills\\": \\"src/polyfills.ts\\",
            \\"tsConfig\\": \\"tsconfig.app.json\\",
            \\"inlineStyleLanguage\\": \\"scss\\",
            \\"assets\\": [
              \\"src/favicon.ico\\",
              \\"src/assets\\"
            ],
            \\"styles\\": [
              \\"src/styles.scss\\",
              \\"src/styles/spartacus/user.scss\\",
              \\"src/styles/spartacus/cart.scss\\",
              \\"src/styles/spartacus/order.scss\\",
              \\"src/styles/spartacus/checkout.scss\\"
            ],
            \\"scripts\\": []
          },
          \\"configurations\\": {
            \\"production\\": {
              \\"budgets\\": [
                {
                  \\"type\\": \\"initial\\",
                  \\"maximumWarning\\": \\"500kb\\",
                  \\"maximumError\\": \\"2.5mb\\"
                },
                {
                  \\"type\\": \\"anyComponentStyle\\",
                  \\"maximumWarning\\": \\"2kb\\",
                  \\"maximumError\\": \\"4kb\\"
                }
              ],
              \\"fileReplacements\\": [
                {
                  \\"replace\\": \\"src/environments/environment.ts\\",
                  \\"with\\": \\"src/environments/environment.prod.ts\\"
                }
              ],
              \\"outputHashing\\": \\"all\\"
            },
            \\"development\\": {
              \\"buildOptimizer\\": false,
              \\"optimization\\": false,
              \\"vendorChunk\\": true,
              \\"extractLicenses\\": false,
              \\"sourceMap\\": true,
              \\"namedChunks\\": true
            }
          },
          \\"defaultConfiguration\\": \\"production\\"
        },
        \\"serve\\": {
          \\"builder\\": \\"@angular-devkit/build-angular:dev-server\\",
          \\"configurations\\": {
            \\"production\\": {
              \\"browserTarget\\": \\"schematics-test:build:production\\"
            },
            \\"development\\": {
              \\"browserTarget\\": \\"schematics-test:build:development\\"
            }
          },
          \\"defaultConfiguration\\": \\"development\\"
        },
        \\"extract-i18n\\": {
          \\"builder\\": \\"@angular-devkit/build-angular:extract-i18n\\",
          \\"options\\": {
            \\"browserTarget\\": \\"schematics-test:build\\"
          }
        },
        \\"test\\": {
          \\"builder\\": \\"@angular-devkit/build-angular:karma\\",
          \\"options\\": {
            \\"main\\": \\"src/test.ts\\",
            \\"polyfills\\": \\"src/polyfills.ts\\",
            \\"tsConfig\\": \\"tsconfig.spec.json\\",
            \\"karmaConfig\\": \\"karma.conf.js\\",
            \\"inlineStyleLanguage\\": \\"scss\\",
            \\"assets\\": [
              \\"src/favicon.ico\\",
              \\"src/assets\\"
            ],
            \\"styles\\": [
              \\"src/styles.scss\\",
              \\"src/styles/spartacus/user.scss\\",
              \\"src/styles/spartacus/cart.scss\\",
              \\"src/styles/spartacus/order.scss\\",
              \\"src/styles/spartacus/checkout.scss\\"
            ],
            \\"scripts\\": []
          }
        }
      }
    }
  },
  \\"defaultProject\\": \\"schematics-test\\"
}"
`;
