// Jest Snapshot v1, https://goo.gl/fbAQLP

exports[`Spartacus Commerce Quotes schematics: ng-add Commerce Quotes feature eager loading should import appropriate modules 1`] = `
"import { NgModule } from '@angular/core';
import { CommerceQuotesModule } from \\"@spartacus/commerce-quotes\\";
import { commerceQuotesTranslationChunksConfig, commerceQuotesTranslations } from \\"@spartacus/commerce-quotes/assets\\";
import { CommerceQuotesRootModule } from \\"@spartacus/commerce-quotes/root\\";
import { I18nConfig, provideConfig } from \\"@spartacus/core\\";

@NgModule({
  declarations: [],
  imports: [
    CommerceQuotesRootModule,
    CommerceQuotesModule
  ],
  providers: [provideConfig(<I18nConfig>{
    i18n: {
      resources: commerceQuotesTranslations,
      chunks: commerceQuotesTranslationChunksConfig,
    },
  })]
})
export class CommerceQuotesFeatureModule { }
"
`;

exports[`Spartacus Commerce Quotes schematics: ng-add Commerce Quotes feature general setup should add the feature using the lazy loading syntax 1`] = `
"import { NgModule } from '@angular/core';
import { commerceQuotesTranslationChunksConfig, commerceQuotesTranslations } from \\"@spartacus/commerce-quotes/assets\\";
import { CommerceQuotesRootModule, COMMERCE_QUOTES_FEATURE } from \\"@spartacus/commerce-quotes/root\\";
import { CmsConfig, I18nConfig, provideConfig } from \\"@spartacus/core\\";

@NgModule({
  declarations: [],
  imports: [
    CommerceQuotesRootModule
  ],
  providers: [provideConfig(<CmsConfig>{
    featureModules: {
      [COMMERCE_QUOTES_FEATURE]: {
        module: () =>
          import('@spartacus/commerce-quotes').then((m) => m.CommerceQuotesModule),
      },
    }
  }),
  provideConfig(<I18nConfig>{
    i18n: {
      resources: commerceQuotesTranslations,
      chunks: commerceQuotesTranslationChunksConfig,
    },
  })
  ]
})
export class CommerceQuotesFeatureModule { }
"
`;

exports[`Spartacus Commerce Quotes schematics: ng-add Commerce Quotes feature general setup styling should create a proper scss file 1`] = `""`;

exports[`Spartacus Commerce Quotes schematics: ng-add Commerce Quotes feature general setup styling should update angular.json 1`] = `
"{
  \\"$schema\\": \\"./node_modules/@angular/cli/lib/config/schema.json\\",
  \\"version\\": 1,
  \\"newProjectRoot\\": \\"\\",
  \\"projects\\": {
    \\"schematics-test\\": {
      \\"projectType\\": \\"application\\",
      \\"schematics\\": {
        \\"@schematics/angular:component\\": {
          \\"style\\": \\"scss\\"
        },
        \\"@schematics/angular:application\\": {
          \\"strict\\": true
        }
      },
      \\"root\\": \\"\\",
      \\"sourceRoot\\": \\"src\\",
      \\"prefix\\": \\"app\\",
      \\"architect\\": {
        \\"build\\": {
          \\"builder\\": \\"@angular-devkit/build-angular:browser\\",
          \\"options\\": {
            \\"outputPath\\": \\"dist/schematics-test\\",
            \\"index\\": \\"src/index.html\\",
            \\"main\\": \\"src/main.ts\\",
            \\"polyfills\\": \\"src/polyfills.ts\\",
            \\"tsConfig\\": \\"tsconfig.app.json\\",
            \\"inlineStyleLanguage\\": \\"scss\\",
            \\"assets\\": [
              \\"src/favicon.ico\\",
              \\"src/assets\\"
            ],
            \\"styles\\": [
              \\"src/styles.scss\\",
              \\"src/styles/spartacus/storefinder.scss\\"
            ],
            \\"scripts\\": []
          },
          \\"configurations\\": {
            \\"production\\": {
              \\"budgets\\": [
                {
                  \\"type\\": \\"initial\\",
                  \\"maximumWarning\\": \\"500kb\\",
                  \\"maximumError\\": \\"2.5mb\\"
                },
                {
                  \\"type\\": \\"anyComponentStyle\\",
                  \\"maximumWarning\\": \\"2kb\\",
                  \\"maximumError\\": \\"4kb\\"
                }
              ],
              \\"fileReplacements\\": [
                {
                  \\"replace\\": \\"src/environments/environment.ts\\",
                  \\"with\\": \\"src/environments/environment.prod.ts\\"
                }
              ],
              \\"outputHashing\\": \\"all\\"
            },
            \\"development\\": {
              \\"buildOptimizer\\": false,
              \\"optimization\\": false,
              \\"vendorChunk\\": true,
              \\"extractLicenses\\": false,
              \\"sourceMap\\": true,
              \\"namedChunks\\": true
            }
          },
          \\"defaultConfiguration\\": \\"production\\"
        },
        \\"serve\\": {
          \\"builder\\": \\"@angular-devkit/build-angular:dev-server\\",
          \\"configurations\\": {
            \\"production\\": {
              \\"browserTarget\\": \\"schematics-test:build:production\\"
            },
            \\"development\\": {
              \\"browserTarget\\": \\"schematics-test:build:development\\"
            }
          },
          \\"defaultConfiguration\\": \\"development\\"
        },
        \\"extract-i18n\\": {
          \\"builder\\": \\"@angular-devkit/build-angular:extract-i18n\\",
          \\"options\\": {
            \\"browserTarget\\": \\"schematics-test:build\\"
          }
        },
        \\"test\\": {
          \\"builder\\": \\"@angular-devkit/build-angular:karma\\",
          \\"options\\": {
            \\"main\\": \\"src/test.ts\\",
            \\"polyfills\\": \\"src/polyfills.ts\\",
            \\"tsConfig\\": \\"tsconfig.spec.json\\",
            \\"karmaConfig\\": \\"karma.conf.js\\",
            \\"inlineStyleLanguage\\": \\"scss\\",
            \\"assets\\": [
              \\"src/favicon.ico\\",
              \\"src/assets\\"
            ],
            \\"styles\\": [
              \\"src/styles.scss\\",
              \\"src/styles/spartacus/storefinder.scss\\"
            ],
            \\"scripts\\": []
          }
        }
      }
    }
  },
  \\"defaultProject\\": \\"schematics-test\\"
}"
`;
